// Vitest Snapshot v1, https://vitest.dev/guide/snapshot.html

exports[`Cookies Disclaimer > statically > should have matching snapshot 1`] = `
<div>
  <div
    class="fixed bottom-0 p-1 right-0 bg-green-50 shadow-md cookies-container block} svelte-1ny8pk0"
  >
    <div
      class="border p-4 border-gray-600"
    >
      <p
        class="font-light text-xl"
      >
        
      </p>
       
      <br />
       
      <p
        class="font-thin"
      >
        
      </p>
       
      <br />
       
      <p
        class="font-thin"
      >
        
         
        <a
          href="./privacy-policies/undefined"
        >
          
          .
        </a>
      </p>
       
      <div
        class="flex justify-center mt-4"
      >
        <button
          class="btn variant-soft rounded-none mr-5"
          data-testid="decline"
        >
          
        </button>
         
        <button
          class="btn variant-filled rounded-none"
          data-testid="accept"
        >
          
        </button>
      </div>
    </div>
  </div>
</div>
`;
