// Vitest Snapshot v1, https://vitest.dev/guide/snapshot.html

exports[`Input Component > html structure > should have match snapshot 1`] = `
<div>
  <div
    class="bg-red-500"
    data-testid="input-container"
  >
    <h4
      class="mb-1 text-black"
      data-testid="input-label-id"
    >
      input-label
       
    </h4>
     
    <input
      accept="*"
      capture="user"
      class="w-full h-fit  p-3.5 rounded-md border-gray-500 bg-white focus:outline-none focus:border-blue-500"
      data-testid="test-id"
      id="test-id"
      placeholder="input-placeholder"
      type="text"
    />
  </div>
</div>
`;
