// Vitest Snapshot v1, https://vitest.dev/guide/snapshot.html

exports[`OfferSearchModal component > Structure > should have match snapshot 1`] = `
<div>
  <div
    class="w-full md:w-6/12 lg:w-6/12 xl:w-4/12"
  >
    <div
      class="bg-gray-100 w-full flex flex-col gap-7 items-center rounded-md"
    >
      <header
        class="w-full flex justify-between items-center text-md font-bold uppercase bg-green-50 h-14 text-center p-3 text-black rounded-t-md"
      >
        <p>
          Title
        </p>
         
        <button
          class="w-8 h-8 flex items-center justify-center rounded-full"
          data-testid="close-modal-button"
        >
          <svg
            height="1.2em"
            viewBox="0 0 24 24"
            width="1.2em"
          >
            <path
              d="M12 2c5.53 0 10 4.47 10 10s-4.47 10-10 10S2 17.53 2 12S6.47 2 12 2m3.59 5L12 10.59L8.41 7L7 8.41L10.59 12L7 15.59L8.41 17L12 13.41L15.59 17L17 15.59L13.41 12L17 8.41z"
              fill="currentColor"
            />
          </svg>
        </button>
      </header>
       
      <p
        class="w-11/12 text-start text-slate-600"
      >
        Body
      </p>
       
      <div
        class="w-full px-4"
      >
        <div
          class="w-full h-10 flex"
        >
          <div
            class="relative w-full lg:w-8/12 lg:mb-0 mb-4"
          >
            <input
              class="w-full h-12 focus:outline-transparent text-black text-left pl-2 rounded-l-lg border-none"
              data-testid="search-input"
              placeholder="Chercher un produit"
              type="text"
            />
             
          </div>
           
          <button
            class="h-12 text-sm xl:text-lg text-white p-1 rounded-r-lg bg-white"
            data-testid="search-submit-button"
            disabled=""
          >
            <div
              class="flex items-center rounded-r-lg py-1 px-2.5 h-10 text-black bg-primary p-1"
            >
              <svg
                fill="none"
                height="20"
                viewBox="0 0 21 20"
                width="21"
                xmlns="http://www.w3.org/2000/svg"
              >
                <g
                  id="ðŸ¦† icon "search""
                >
                  <path
                    d="M19.5 19L13.5 13M15.5 8C15.5 11.866 12.366 15 8.5 15C4.63401 15 1.5 11.866 1.5 8C1.5 4.13401 4.63401 1 8.5 1C12.366 1 15.5 4.13401 15.5 8Z"
                    id="Vector"
                    stroke="white"
                    stroke-linecap="round"
                    stroke-linejoin="round"
                    stroke-width="2"
                  />
                </g>
              </svg>
            </div>
          </button>
        </div>
         
        <div
          class="py-4"
        >
          <p
            class="text-center text-gray-700"
            data-testid="description-message"
          >
            <span>
              Cherchez l'offre que vous désirez modifier.
            </span>
          </p>
        </div>
      </div>
       
    </div>
  </div>
  
</div>
`;
