// Vitest Snapshot v1, https://vitest.dev/guide/snapshot.html

exports[`Search input > should have match snapshot 1`] = `
<div>
  <div
    class="w-20 h-10 flex"
  >
    <div
      class="relative w-full lg:w-8/12 lg:mb-0 mb-4"
    >
      <input
        class="w-full h-12 focus:outline-transparent text-black text-left pl-2 rounded-l-lg border-none"
        data-testid="search-input-id"
        placeholder="Chercher un produit"
        type="text"
      />
       
    </div>
     
    <button
      class="h-12 text-sm xl:text-lg text-white p-1 rounded-r-lg bg-white"
      data-testid="search-input-button-id"
      disabled=""
    >
      <div
        class="flex items-center rounded-r-lg py-1 px-2.5 h-10 text-black bg-primary p-1"
      >
        <svg
          fill="none"
          height="20"
          viewBox="0 0 21 20"
          width="21"
          xmlns="http://www.w3.org/2000/svg"
        >
          <g
            id="ðŸ¦† icon "search""
          >
            <path
              d="M19.5 19L13.5 13M15.5 8C15.5 11.866 12.366 15 8.5 15C4.63401 15 1.5 11.866 1.5 8C1.5 4.13401 4.63401 1 8.5 1C12.366 1 15.5 4.13401 15.5 8Z"
              id="Vector"
              stroke="white"
              stroke-linecap="round"
              stroke-linejoin="round"
              stroke-width="2"
            />
          </g>
        </svg>
      </div>
    </button>
  </div>
</div>
`;
