// Vitest Snapshot v1, https://vitest.dev/guide/snapshot.html

exports[`Search input > should have match snapshot 1`] = `
<div>
  <div
    class="w-20 h-10 flex justify-center"
  >
    <div
      class="relative w-8/12"
    >
      <input
        class="w-full h-full focus:outline-none text-black text-left pl-2 rounded-none border border-l-gray-500 border-t-gray-500 border-b-gray-500"
        data-testid="search-input-id"
        placeholder="Chercher un produit"
        type="text"
      />
       
    </div>
     
    <button
      class="w-3/12 h-full text-sm xl:text-lg text-white bg-slate-500 p-1"
      data-testid="search-input-button-id"
      disabled=""
    >
      Rechercher
    </button>
  </div>
</div>
`;
